[lyquynh-wedding.site/index73b8.html]
[backblue.gif]
[fade.gif]
[index.html]
[lyquynh-wedding.site/wp-content/themes/astra/assets/css/minified/main.min2e46.css]
[lyquynh-wedding.site/wp-includes/css/dist/block-library/style.min9b2d.css]
[lyquynh-wedding.site/feed/index.html]
[lyquynh-wedding.site/wp-content/uploads/uag-plugin/assets/0/uag-css-15-1666971567e823.css]
[lyquynh-wedding.site/wp-json/wp/v2/pages/15.json]
[lyquynh-wedding.site/wp-json/index.html]
[lyquynh-wedding.site/comments/feed/index.html]
[lyquynh-wedding.site/xmlrpc0db0.php]
[lyquynh-wedding.site/wp-includes/wlwmanifest.xml]
[lyquynh-wedding.site/wp-json/oembed/1.0/embedbd57.json]
[lyquynh-wedding.site/wp-json/oembed/1.0/embedf7f2]
[lyquynh-wedding.site/wp-content/uploads/2022/10/cropped-3364473-32x32.png]
[lyquynh-wedding.site/wp-content/uploads/2022/10/cropped-3364473-192x192.png]
[lyquynh-wedding.site/wp-content/uploads/2022/10/cropped-3364473-180x180.png]
[lyquynh-wedding.site/wp-content/uploads/2022/10/HAA02744....jpg]
[lyquynh-wedding.site/index.html]
[lyquynh-wedding.site/wp-content/uploads/2022/10/HAA03252.jpg]
[167.172.80.130/wp-content/uploads/2022/10/flower-icon-01.png]
[167.172.80.130/wp-content/uploads/2022/10/HAA02737-683x1024.jpg]
[167.172.80.130/wp-content/uploads/2022/10/rose-icon-01.png]
[lyquynh-wedding.site/wp-content/uploads/2022/10/3364491-150x150.png]
[lyquynh-wedding.site/wp-content/uploads/2022/10/3364473-150x150.png]
[lyquynh-wedding.site/wp-content/uploads/2022/10/3364469-150x150.png]
[lyquynh-wedding.site/wp-content/uploads/2022/10/IMG_7811-1024x946.jpg]
[lyquynh-wedding.site/wp-content/uploads/2022/10/IMG_0020-1024x948.jpg]
[lyquynh-wedding.site/wp-content/uploads/2022/10/HAA03835.jpg]
[lyquynh-wedding.site/wp-content/uploads/2022/10/rose-icon-01.png]
[lyquynh-wedding.site/wp-content/uploads/2022/10/HAA03530-683x1024.jpg]
[lyquynh-wedding.site/wp-content/uploads/2022/10/HAA02451-683x1024.jpg]
[lyquynh-wedding.site/wp-content/uploads/2022/10/HAA03119-683x1024.jpg]
[lyquynh-wedding.site/wp-content/uploads/2022/10/HAA02635-683x1024.jpg]
[lyquynh-wedding.site/wp-content/uploads/2022/10/HAA03439-683x1024.jpg]
[lyquynh-wedding.site/wp-content/uploads/2022/10/HAA02970-683x1024.jpg]
[lyquynh-wedding.site/wp-content/uploads/2022/10/HAA02889-683x1024.jpg]
[lyquynh-wedding.site/wp-content/uploads/2022/10/HAA03618-scaled.jpg]
[lyquynh-wedding.site/wp-content/themes/astra/assets/js/minified/frontend.min2e46.js]
[lyquynh-wedding.site/wp-content/plugins/ultimate-addons-for-gutenberg/assets/js/tabs.mine823.js]
[lyquynh-wedding.site/wp-content/uploads/uag-plugin/assets/0/uag-js-15-1666971567e823.js]
[lyquynh-wedding.site/index73b8.html]
[lyquynh-wedding.site/wp-content/themes/astra/assets/css/minified/main.min2e46.css]
[lyquynh-wedding.site/wp-includes/css/dist/block-library/style.min9b2d.css]
[lyquynh-wedding.site/wp-content/uploads/uag-plugin/assets/0/uag-css-15-1666971567e823.css]
[lyquynh-wedding.site/index.html]
[lyquynh-wedding.site/wp-content/uploads/2022/10/love_wedding-07-512-150x150.html]
